00000000 20020000
00000004 ac020018
00000008 20420001
0000000c 6441000a
00000010 1420fff0
00000014 44000000
